🚀 Server running on http://localhost:5000
✅ MongoDB Connected
[0mGET /api/status [32m200[0m 7.482 ms - 51[0m
[0mPOST /api/community/xyz/like [33m401[0m 2.227 ms - 63[0m
[0mPUT /api/community/xyz/like [33m404[0m 1.440 ms - 45[0m
[0mPOST /api/pets [33m401[0m 0.305 ms - 63[0m
[0mPOST /api/auth/login [32m200[0m 663.509 ms - 432[0m
[0mPOST /api/pets [32m201[0m 401.309 ms - 460[0m
[0mPOST /api/community [32m201[0m 119.858 ms - 448[0m
[0mPOST /api/community/6a9fc8fd04de278498eecac6/like [32m200[0m 19.899 ms - 68[0m
[0mDELETE /api/pets/6a9fc8fc04de278498eecac3 [32m200[0m 11.829 ms - 54[0m
[0mDELETE /api/community/6a9fc8fd04de278498eecac6 [32m200[0m 13.542 ms - 55[0m
[0mPOST /api/auth/login [32m200[0m 515.223 ms - 511[0m
[0mGET /uploads/1788749703838-512713845.png [32m200[0m 27.854 ms - 1341302[0m
[0mGET /api/adoptions/my [32m200[0m 103.104 ms - 41[0m
[0mGET /api/notifications [32m200[0m 172.104 ms - 911[0m
[0mGET /api/pets/my [32m200[0m 155.454 ms - -[0m
[0mGET /api/notifications [36m304[0m 17.195 ms - -[0m
[0mGET /api/appointments [32m200[0m 215.728 ms - -[0m
[0mGET /api/reminders [32m200[0m 226.372 ms - 41[0m
[0mGET /api/reminders [36m304[0m 10.211 ms - -[0m
[0mGET /api/adoptions/my [36m304[0m 9.687 ms - -[0m
[0mGET /uploads/1788749703838-512713845.png [32m200[0m 9.316 ms - 1341302[0m
[0mGET /api/auth/me [32m200[0m 41.429 ms - 589[0m
[0mGET /uploads/1788749703838-512713845.png [32m200[0m 1.907 ms - 1341302[0m
[0mPOST /api/users/avatar [32m200[0m 34.879 ms - 658[0m
[0mPUT /api/auth/profile [32m200[0m 8.918 ms - 631[0m
[0mGET /uploads/1788858575259-809703503.png [32m200[0m 2.339 ms - 1341302[0m
[0mGET /api/auth/me [32m200[0m 5.959 ms - 589[0m
[0mGET /uploads/1788858575259-809703503.png [32m200[0m 4.530 ms - 1341302[0m
[0mPOST /api/auth/login [32m200[0m 468.318 ms - 511[0m
[0mGET /api/adoptions/my [36m304[0m 26.973 ms - -[0m
[0mGET /api/reminders [36m304[0m 21.489 ms - -[0m
[0mGET /api/notifications [36m304[0m 21.634 ms - -[0m
[0mGET /api/pets/my [36m304[0m 39.230 ms - -[0m
[0mGET /api/appointments [36m304[0m 31.440 ms - -[0m
[0mGET /uploads/1788858575259-809703503.png [32m200[0m 29.586 ms - 1341302[0m
[0mGET /api/notifications [36m304[0m 5.893 ms - -[0m
[0mGET /api/reminders [36m304[0m 9.392 ms - -[0m
[0mGET /api/adoptions/my [36m304[0m 6.624 ms - -[0m
[0mGET /uploads/1788858575259-809703503.png [32m200[0m 3.617 ms - 1341302[0m
[0mGET /api/community [32m200[0m 158.579 ms - -[0m
[0mGET /uploads/1788712596893-971221219.png [32m200[0m 3.897 ms - 1341302[0m
[0mGET /uploads/1788711239403-384329365.png [32m200[0m 3.859 ms - 81[0m
[0mGET /uploads/1788858575259-809703503.png [32m200[0m 2.908 ms - 1341302[0m
[0mDELETE /api/community/6a9e3e8ccf168bd60ee22da7 [32m200[0m 15.072 ms - 55[0m
[0mPOST /api/community/6a9e388dcf168bd60ee22cd9/comments [32m200[0m 59.836 ms - -[0m
[0mPOST /api/community/6a9e388dcf168bd60ee22cd9/like [32m200[0m 40.993 ms - 68[0m
[0mPOST /api/community/6a9d978176ac2b996c4253ad/like [32m200[0m 30.299 ms - 68[0m
[0mPOST /api/community/6a9d436c8cd0c7948d7d9a01/like [32m200[0m 7.357 ms - 68[0m
[0mPOST /api/community/6a9d436c8cd0c7948d7d9a01/like [32m200[0m 13.923 ms - 71[0m
[0mPOST /api/community/6a9d436c8cd0c7948d7d9a01/like [32m200[0m 7.084 ms - 68[0m
[0mGET /uploads/1788858575259-809703503.png [32m200[0m 4.382 ms - 1341302[0m
[0mGET /api/community [32m200[0m 68.134 ms - -[0m
[0mGET /uploads/1788711239403-384329365.png [32m200[0m 2.820 ms - 81[0m
[0mGET /uploads/1788712596893-971221219.png [32m200[0m 2.888 ms - 1341302[0m
[0mGET /uploads/1788858575259-809703503.png [32m200[0m 1.147 ms - 1341302[0m
[0mGET /api/auth/me [36m304[0m 7.937 ms - -[0m
[0mGET /uploads/1788858575259-809703503.png [32m200[0m 0.896 ms - 1341302[0m
[0mPOST /api/users/avatar [32m200[0m 21.626 ms - 658[0m
[0mPUT /api/auth/profile [32m200[0m 6.310 ms - 631[0m
[0mGET /uploads/1788859901157-839249839.png [32m200[0m 2.326 ms - 753317[0m
[0mGET /api/auth/me [32m200[0m 3.781 ms - 589[0m
[0mGET /uploads/1788859901157-839249839.png [32m200[0m 2.306 ms - 753317[0m
[0mGET /uploads/1788859901157-839249839.png [32m200[0m 10.061 ms - 753317[0m
[0mGET /api/lost-found [32m200[0m 56.450 ms - -[0m
[0mGET /uploads/1788859901157-839249839.png [32m200[0m 1.407 ms - 753317[0m
[0mPOST /api/pets [32m201[0m 14.892 ms - 507[0m
[0mPOST /api/adoptions [32m201[0m 26.208 ms - 490[0m
[0mGET /uploads/1788859901157-839249839.png [32m200[0m 6.323 ms - 753317[0m
[0mGET /api/appointments [36m304[0m 23.307 ms - -[0m
[0mGET /api/pets/my [32m200[0m 23.372 ms - -[0m
[0mGET /api/veterinarians [32m200[0m 5.865 ms - -[0m
[0mGET /uploads/1788859901157-839249839.png [32m200[0m 12.542 ms - 753317[0m
[0mGET /api/reminders [36m304[0m 15.445 ms - -[0m
[0mGET /api/pets/my [36m304[0m 22.029 ms - -[0m
[0mGET /uploads/1788859901157-839249839.png [32m200[0m 4.355 ms - 753317[0m
[0mGET /api/community [32m200[0m 76.338 ms - -[0m
[0mGET /uploads/1788711239403-384329365.png [32m200[0m 3.874 ms - 81[0m
[0mGET /uploads/1788712596893-971221219.png [32m200[0m 3.401 ms - 1341302[0m
[0mGET /uploads/1788859901157-839249839.png [32m200[0m 1.369 ms - 753317[0m
[0mGET /api/reminders [36m304[0m 19.435 ms - -[0m
[0mGET /api/pets/my [36m304[0m 24.860 ms - -[0m
[0mGET /uploads/1788859901157-839249839.png [32m200[0m 7.898 ms - 753317[0m
[0mGET /api/pets/my [36m304[0m 17.311 ms - -[0m
[0mGET /api/appointments [36m304[0m 20.398 ms - -[0m
[0mGET /api/veterinarians [36m304[0m 3.937 ms - -[0m
[0mGET /uploads/1788859901157-839249839.png [32m200[0m 0.660 ms - 753317[0m
[0mGET /uploads/1788859901157-839249839.png [32m200[0m 1.039 ms - 753317[0m
[0mGET /uploads/1788859901157-839249839.png [32m200[0m 0.853 ms - 753317[0m
[0mGET /api/veterinarians [36m304[0m 5.249 ms - -[0m
[0mGET /uploads/1788859901157-839249839.png [32m200[0m 0.776 ms - 753317[0m
[0mGET /uploads/1788859901157-839249839.png [32m200[0m 0.650 ms - 753317[0m
[0mGET /uploads/1788859901157-839249839.png [32m200[0m 0.951 ms - 753317[0m
[0mGET /uploads/1788859901157-839249839.png [32m200[0m 1.050 ms - 753317[0m
[0mGET /uploads/1788859901157-839249839.png [32m200[0m 0.705 ms - 753317[0m
[0mGET /uploads/1788711239403-384329365.png [32m200[0m 3.247 ms - 81[0m
[0mGET /uploads/1788712596893-971221219.png [32m200[0m 2.123 ms - 1341302[0m
[0mGET /uploads/1788859901157-839249839.png [32m200[0m 0.722 ms - 753317[0m
[0mGET /api/reminders [36m304[0m 10.661 ms - -[0m
[0mGET /api/adoptions/my [32m200[0m 15.177 ms - 557[0m
[0mPOST /api/auth/login [32m200[0m 638.938 ms - 476[0m
[0mGET /uploads/1788711239403-384329365.png [32m200[0m 6.288 ms - 81[0m
[0mGET /api/admin/users/recent [32m200[0m 21.835 ms - -[0m
[0mGET /api/admin/dashboard [32m200[0m 60.326 ms - 131[0m
[0mGET /uploads/1788711239403-384329365.png [32m200[0m 3.591 ms - 81[0m
[0mGET /api/adoptions [32m200[0m 8.326 ms - 987[0m
[0mGET /uploads/1788711239403-384329365.png [32m200[0m 7.129 ms - 81[0m
[0mGET /api/admin/dashboard [36m304[0m 10.039 ms - -[0m
[0mGET /api/admin/users/recent [36m304[0m 11.531 ms - -[0m
[0mGET /uploads/1788711239403-384329365.png [32m200[0m 5.115 ms - 81[0m
[0mGET /api/admin/pets [32m200[0m 11.102 ms - -[0m
[0mGET /uploads/1788711239403-384329365.png [32m200[0m 2.622 ms - 81[0m
[0mGET /api/adoptions [36m304[0m 8.173 ms - -[0m
[0mGET /uploads/1788711239403-384329365.png [32m200[0m 3.780 ms - 81[0m
[0mGET /api/admin/users [32m200[0m 7.882 ms - -[0m
=================================
📧 SENDING VERIFICATION EMAIL
Email: siddiquiummehabiba96@gmail.com
=================================
✅ Verification email sent to: siddiquiummehabiba96@gmail.com
[0mPOST /api/auth/register [32m201[0m 3495.958 ms - 307[0m
[0mPOST /api/auth/login [33m403[0m 534.800 ms - 92[0m
[0mPOST /api/auth/login [33m403[0m 484.285 ms - 92[0m
[0mPOST /api/auth/login [33m403[0m 637.527 ms - 92[0m
=================================
🔐 PASSWORD RESET REQUEST
Email: siddiquiummehabiba96@gmail.com
=================================
✅ User found: siddiquiummehabiba96@gmail.com
🔗 Reset URL: http://localhost:5502/pages/reset-password.html?token=cc4098ecd18d17a73d1ed962b4f3f5ee3c6f4f11d92ec45e67c75bd6f5b5d09b
📧 Sending reset email...
✅ Password reset email sent to: siddiquiummehabiba96@gmail.com
[0mPOST /api/auth/forgot-password [32m200[0m 3198.013 ms - 68[0m
[0mPOST /api/auth/login [32m200[0m 687.770 ms - 476[0m
[0mGET /api/admin/dashboard [32m200[0m 16.698 ms - 131[0m
[0mGET /uploads/1788711239403-384329365.png [32m200[0m 18.846 ms - 81[0m
[0mGET /api/admin/users/recent [32m200[0m 14.875 ms - -[0m
[0mGET /uploads/1788711239403-384329365.png [32m200[0m 3.267 ms - 81[0m
[0mGET /api/admin/users [32m200[0m 4.601 ms - -[0m
[0mDELETE /api/admin/users/6a9fd89304de278498eecb9a [32m200[0m 11.028 ms - 55[0m
[0mGET /api/admin/users [32m200[0m 4.654 ms - -[0m
[0mGET /uploads/1788711239403-384329365.png [32m200[0m 6.866 ms - 81[0m
[0mGET /api/adoptions [32m200[0m 7.690 ms - 987[0m
[0mPUT /api/adoptions/6a9fd6ea04de278498eecb3e [32m200[0m 40.131 ms - 547[0m
[0mGET /api/adoptions [32m200[0m 6.933 ms - 986[0m
[0mGET /uploads/1788711239403-384329365.png [32m200[0m 4.987 ms - 81[0m
[0mGET /api/admin/dashboard [32m200[0m 11.727 ms - 131[0m
[0mGET /api/admin/users/recent [32m200[0m 12.888 ms - -[0m
[0mGET /uploads/1788711239403-384329365.png [32m200[0m 17.313 ms - 81[0m
[0mGET /api/admin/dashboard [36m304[0m 20.108 ms - -[0m
[0mGET /api/admin/users/recent [36m304[0m 17.087 ms - -[0m
[0mGET /api/adoptions/my [32m200[0m 26.537 ms - 41[0m
[0mGET /api/reminders [32m200[0m 29.948 ms - 41[0m
[0mGET /api/appointments [32m200[0m 35.920 ms - 718[0m
[0mGET /api/pets/my [32m200[0m 30.383 ms - -[0m
[0mGET /api/notifications [32m200[0m 15.356 ms - 333[0m
[0mGET /uploads/1788711239403-384329365.png [32m200[0m 16.387 ms - 81[0m
[0mGET /api/reminders [36m304[0m 9.498 ms - -[0m
[0mGET /api/notifications [36m304[0m 5.372 ms - -[0m
[0mGET /api/adoptions/my [36m304[0m 3.940 ms - -[0m
[0mGET /uploads/1788711239403-384329365.png [32m200[0m 3.505 ms - 81[0m
[0mGET /api/auth/me [32m200[0m 4.263 ms - 417[0m
[0mGET /uploads/1788711239403-384329365.png [32m200[0m 1.808 ms - 81[0m
[0mPOST /api/users/avatar [32m200[0m 13.182 ms - 486[0m
[0mPUT /api/auth/profile [32m200[0m 6.150 ms - 459[0m
[0mPUT /api/auth/profile [32m200[0m 9.955 ms - 459[0m
[0mGET /uploads/1788860970494-508754788.png [32m200[0m 7.602 ms - 99685[0m
[0mPOST /api/users/avatar [32m200[0m 7.156 ms - 484[0m
[0mPUT /api/auth/profile [32m200[0m 3.226 ms - 458[0m
[0mGET /uploads/1788860986046-78050922.png [32m200[0m 4.863 ms - 99685[0m
[0mGET /api/pets/my [36m304[0m 15.934 ms - -[0m
[0mGET /uploads/1788860986046-78050922.png [32m200[0m 8.799 ms - 99685[0m
[0mGET /api/health [32m200[0m 22.137 ms - 39[0m
[0mGET /api/vaccinations [32m200[0m 29.059 ms - 44[0m
[0mGET /uploads/1788860986046-78050922.png [32m200[0m 4.116 ms - 99685[0m
[0mGET /api/pets/my [36m304[0m 11.676 ms - -[0m
[0mGET /api/appointments [36m304[0m 12.014 ms - -[0m
[0mGET /api/veterinarians [32m200[0m 4.387 ms - -[0m
[0mGET /uploads/1788860986046-78050922.png [32m200[0m 1.744 ms - 99685[0m
[0mGET /uploads/1788860986046-78050922.png [32m200[0m 40.146 ms - 99685[0m
[0mGET /api/community [32m200[0m 66.971 ms - -[0m
[0mGET /uploads/1788712596893-971221219.png [32m200[0m 3.673 ms - 1341302[0m
[0mGET /uploads/1788860986046-78050922.png [32m200[0m 2.236 ms - 99685[0m
[0mGET /uploads/1788860986046-78050922.png [32m200[0m 4.777 ms - 99685[0m
[0mGET /api/reminders [36m304[0m 6.416 ms - -[0m
[0mGET /api/pets/my [36m304[0m 9.615 ms - -[0m
[0mGET /uploads/1788860986046-78050922.png [32m200[0m 11.159 ms - 99685[0m
[0mGET /api/pets/my [36m304[0m 18.482 ms - -[0m
[0mGET /api/appointments [36m304[0m 20.123 ms - -[0m
[0mGET /api/veterinarians [36m304[0m 4.878 ms - -[0m
[0mGET /api/pets/my [36m304[0m 4.995 ms - -[0m
[0mGET /uploads/1788860986046-78050922.png [32m200[0m 2.100 ms - 99685[0m
[0mGET /api/health [36m304[0m 7.061 ms - -[0m
[0mGET /api/vaccinations [36m304[0m 5.680 ms - -[0m
[0mGET /uploads/1788860986046-78050922.png [32m200[0m 1.969 ms - 99685[0m
[0mGET /api/pets/my [36m304[0m 11.253 ms - -[0m
[0mGET /uploads/1788860986046-78050922.png [32m200[0m 7.535 ms - 99685[0m
[0mGET /api/adoptions/my [36m304[0m 19.827 ms - -[0m
[0mGET /api/reminders [36m304[0m 18.859 ms - -[0m
[0mGET /api/appointments [36m304[0m 32.817 ms - -[0m
[0mGET /api/pets/my [36m304[0m 27.151 ms - -[0m
[0mGET /api/notifications [36m304[0m 18.602 ms - -[0m
[0mGET /uploads/1788860986046-78050922.png [32m200[0m 17.638 ms - 99685[0m
[0mGET /api/reminders [36m304[0m 5.954 ms - -[0m
[0mGET /api/notifications [36m304[0m 5.327 ms - -[0m
[0mGET /api/adoptions/my [36m304[0m 4.624 ms - -[0m
[0mGET /uploads/1788860986046-78050922.png [32m200[0m 3.707 ms - 99685[0m
[0mGET /api/pets/my [36m304[0m 7.570 ms - -[0m
[0mGET /uploads/1788860986046-78050922.png [32m200[0m 0.940 ms - 99685[0m
[0mGET /uploads/1788860986046-78050922.png [32m200[0m 5.037 ms - 99685[0m
[0mGET /api/pets/my [36m304[0m 7.561 ms - -[0m
[0mGET /api/adoptions/my [36m304[0m 20.064 ms - -[0m
[0mGET /api/reminders [36m304[0m 23.138 ms - -[0m
[0mGET /api/pets/my [36m304[0m 32.059 ms - -[0m
[0mGET /api/appointments [36m304[0m 30.317 ms - -[0m
[0mGET /api/notifications [36m304[0m 21.875 ms - -[0m
[0mGET /uploads/1788860986046-78050922.png [32m200[0m 20.350 ms - 99685[0m
[0mGET /api/notifications [36m304[0m 9.145 ms - -[0m
[0mGET /api/reminders [36m304[0m 8.251 ms - -[0m
[0mGET /api/adoptions/my [36m304[0m 4.587 ms - -[0m
[0mGET /api/status [32m200[0m 6.643 ms - 51[0m
[0mGET / [32m200[0m 1.112 ms - 69[0m
