🚀 Server running on http://localhost:5000
🌐 Frontend available at http://localhost:5502 (fallback)
✅ MongoDB Connected
[0mGET /api/status [32m200[0m 4.104 ms - 51[0m
[0mGET /uploads/1788951475221-796210342.png [32m200[0m 3.879 ms - 70[0m
[0mGET /uploads/1788950603819-376829630.png [32m200[0m 2.307 ms - 99685[0m
[0mGET /uploads/1788951368662-822680510.png [32m200[0m 3.192 ms - 70[0m
[0mGET /api/auth/me [33m401[0m 0.866 ms - 63[0m
[0mPOST /api/auth/login [32m200[0m 494.748 ms - 478[0m
[0mGET /api/auth/me [32m200[0m 39.347 ms - -[0m
[0mGET /uploads/1788951475221-796210342.png [32m200[0m 1.274 ms - 70[0m
[0mPOST /api/auth/login [32m200[0m 311.927 ms - 478[0m
[0mPOST /api/auth/login [32m200[0m 374.767 ms - 476[0m
[0mGET /api/breeds [32m200[0m 12.584 ms - -[0m
[0mGET /api/adoptions/my [32m200[0m 31.948 ms - 41[0m
[0mGET /api/reminders [32m200[0m 25.983 ms - 41[0m
[0mGET /api/appointments [32m200[0m 34.156 ms - 720[0m
[0mGET /api/notifications [32m200[0m 25.609 ms - -[0m
[0mGET /api/pets/my [32m200[0m 39.435 ms - -[0m
[0mGET /api/notifications [36m304[0m 5.743 ms - -[0m
[0mGET /api/reminders [36m304[0m 5.364 ms - -[0m
[0mGET /api/auth/me [32m200[0m 7.912 ms - -[0m
[0mGET /api/adoptions/my [36m304[0m 4.417 ms - -[0m
[0mGET /api/pets/my [36m304[0m 16.623 ms - -[0m
[0mGET /api/auth/me [36m304[0m 9.072 ms - -[0m
[0mGET /api/pets/my [36m304[0m 9.361 ms - -[0m
[0mGET /api/pets?status=available [32m200[0m 13.535 ms - -[0m
[0mGET /api/auth/me [36m304[0m 11.329 ms - -[0m
[0mGET /api/pets/my [36m304[0m 16.408 ms - -[0m
[0mGET /api/appointments [36m304[0m 16.821 ms - -[0m
[0mGET /api/veterinarians [32m200[0m 6.640 ms - -[0m
[0mGET /api/reminders [36m304[0m 4.360 ms - -[0m
[0mGET /api/pets/my [36m304[0m 8.404 ms - -[0m
[0mGET /api/community [32m200[0m 71.911 ms - -[0m
[0mGET /uploads/1788950603819-376829630.png [32m200[0m 1.693 ms - 99685[0m
[0mGET /uploads/1788950744310-779065555.png [32m200[0m 3.329 ms - 99685[0m
[0mGET /api/lost-found [32m200[0m 29.569 ms - -[0m
[0mGET /api/pets/my [36m304[0m 10.872 ms - -[0m
[0mGET /api/health [32m200[0m 9.893 ms - 39[0m
[0mGET /api/vaccinations [32m200[0m 8.886 ms - 44[0m
[0mGET /api/notifications [36m304[0m 9.485 ms - -[0m
[0mGET /api/breeds [36m304[0m 7.302 ms - -[0m
[0mGET /api/breeds/6a9d3d8fe14840826e97102a [32m200[0m 3.584 ms - 743[0m
[0mGET /api/auth/me [36m304[0m 11.660 ms - -[0m
[0mGET /uploads/1788951475221-796210342.png [32m200[0m 0.956 ms - 70[0m
[0mGET /api/admin/dashboard [32m200[0m 16.256 ms - 133[0m
[0mGET /api/admin/users/recent [32m200[0m 17.986 ms - -[0m
[0mGET /uploads/1788951475221-796210342.png [36m304[0m 10.899 ms - -[0m
[0mGET /api/adoptions/my [36m304[0m 24.397 ms - -[0m
[0mGET /api/reminders [36m304[0m 27.846 ms - -[0m
[0mGET /api/notifications [32m200[0m 28.013 ms - 45[0m
[0mGET /api/appointments [32m200[0m 34.014 ms - 718[0m
[0mGET /api/pets/my [32m200[0m 36.001 ms - -[0m
[0mGET /api/reminders [36m304[0m 14.502 ms - -[0m
[0mGET /api/notifications [36m304[0m 11.972 ms - -[0m
[0mGET /api/adoptions/my [36m304[0m 6.559 ms - -[0m
[0mGET /api/auth/me [32m200[0m 11.097 ms - -[0m
[0mGET /uploads/1788951475221-796210342.png [36m304[0m 5.289 ms - -[0m
[0mGET /api/adoptions/my [36m304[0m 25.945 ms - -[0m
[0mGET /api/reminders [36m304[0m 27.974 ms - -[0m
[0mGET /api/notifications [36m304[0m 27.998 ms - -[0m
[0mGET /api/pets/my [36m304[0m 38.514 ms - -[0m
[0mGET /api/appointments [36m304[0m 37.907 ms - -[0m
[0mGET /api/reminders [36m304[0m 9.388 ms - -[0m
[0mGET /api/notifications [36m304[0m 8.425 ms - -[0m
[0mGET /api/auth/me [36m304[0m 12.699 ms - -[0m
[0mGET /api/adoptions/my [36m304[0m 4.801 ms - -[0m
[0mGET /api/admin/pets [0m-[0m - ms - -[0m
[0mGET /uploads/1788951475221-796210342.png [36m304[0m 3.326 ms - -[0m
[0mGET /api/adoptions/my [36m304[0m 26.330 ms - -[0m
[0mGET /api/reminders [36m304[0m 30.306 ms - -[0m
[0mGET /api/notifications [36m304[0m 28.565 ms - -[0m
[0mGET /api/pets/my [36m304[0m 38.923 ms - -[0m
[0mGET /api/appointments [36m304[0m 39.422 ms - -[0m
[0mGET /api/reminders [36m304[0m 10.762 ms - -[0m
[0mGET /api/notifications [36m304[0m 9.313 ms - -[0m
[0mGET /api/auth/me [36m304[0m 11.019 ms - -[0m
[0mGET /api/adoptions/my [36m304[0m 7.186 ms - -[0m
[0mGET /api/adoptions [32m200[0m 11.735 ms - -[0m
[0mGET /uploads/1788951475221-796210342.png [36m304[0m 3.399 ms - -[0m
[0mGET /api/adoptions/my [36m304[0m 22.466 ms - -[0m
[0mGET /api/reminders [36m304[0m 21.296 ms - -[0m
[0mGET /api/notifications [36m304[0m 20.147 ms - -[0m
[0mGET /api/pets/my [36m304[0m 32.907 ms - -[0m
[0mGET /api/appointments [36m304[0m 32.022 ms - -[0m
[0mGET /api/reminders [36m304[0m 11.147 ms - -[0m
[0mGET /api/notifications [36m304[0m 9.507 ms - -[0m
[0mGET /api/auth/me [36m304[0m 12.819 ms - -[0m
[0mGET /api/adoptions/my [36m304[0m 5.042 ms - -[0m
[0mGET /api/admin/lost-found [0m-[0m - ms - -[0m
[0mGET /api/adoptions/my [36m304[0m 36.854 ms - -[0m
[0mGET /api/reminders [36m304[0m 34.434 ms - -[0m
[0mGET /api/notifications [36m304[0m 36.708 ms - -[0m
[0mGET /api/pets/my [36m304[0m 49.677 ms - -[0m
[0mGET /uploads/1788951475221-796210342.png [36m304[0m 8.115 ms - -[0m
[0mGET /api/appointments [36m304[0m 51.365 ms - -[0m
[0mGET /api/reminders [36m304[0m 13.493 ms - -[0m
[0mGET /api/notifications [36m304[0m 9.040 ms - -[0m
[0mGET /api/auth/me [36m304[0m 13.057 ms - -[0m
[0mGET /api/adoptions/my [36m304[0m 5.835 ms - -[0m
[0mGET /api/admin/community [0m-[0m - ms - -[0m
[0mGET /uploads/1788951475221-796210342.png [36m304[0m 5.788 ms - -[0m
[0mGET /api/adoptions/my [36m304[0m 31.486 ms - -[0m
[0mGET /api/reminders [36m304[0m 30.450 ms - -[0m
[0mGET /api/notifications [36m304[0m 29.591 ms - -[0m
[0mGET /api/pets/my [36m304[0m 45.120 ms - -[0m
[0mGET /api/appointments [36m304[0m 43.239 ms - -[0m
[0mGET /api/reminders [36m304[0m 16.226 ms - -[0m
[0mGET /api/notifications [36m304[0m 12.467 ms - -[0m
[0mGET /api/auth/me [36m304[0m 10.280 ms - -[0m
[0mGET /api/adoptions/my [36m304[0m 7.487 ms - -[0m
[0mPOST /api/auth/login [32m200[0m 322.559 ms - 478[0m
[0mGET /uploads/1788951475221-796210342.png [36m304[0m 7.954 ms - -[0m
[0mGET /api/adoptions/my [36m304[0m 20.420 ms - -[0m
[0mGET /api/reminders [36m304[0m 26.256 ms - -[0m
[0mGET /api/appointments [32m200[0m 34.669 ms - 720[0m
[0mGET /api/notifications [32m200[0m 25.158 ms - -[0m
[0mGET /api/pets/my [32m200[0m 36.078 ms - -[0m
[0mGET /api/reminders [36m304[0m 7.107 ms - -[0m
[0mGET /api/notifications [36m304[0m 5.087 ms - -[0m
[0mGET /api/adoptions/my [36m304[0m 9.107 ms - -[0m
[0mGET /api/auth/me [32m200[0m 10.547 ms - -[0m
[0mGET /uploads/1788950744310-779065555.png [32m200[0m 8.283 ms - 99685[0m
[0mGET /api/auth/me [36m304[0m 12.881 ms - -[0m
[0mGET /api/reminders [36m304[0m 12.932 ms - -[0m
[0mGET /api/adoptions/my [36m304[0m 11.665 ms - -[0m
[0mGET /uploads/1788950744310-779065555.png [36m304[0m 12.772 ms - -[0m
[0mGET /api/notifications [36m304[0m 27.463 ms - -[0m
[0mGET /api/pets/my [36m304[0m 43.332 ms - -[0m
[0mGET /api/adoptions/my [36m304[0m 43.406 ms - -[0m
[0mGET /api/appointments [36m304[0m 44.437 ms - -[0m
[0mGET /api/reminders [36m304[0m 41.468 ms - -[0m
[0mGET /api/notifications [36m304[0m 21.733 ms - -[0m
[0mGET /api/reminders [0m-[0m - ms - -[0m
[0mGET /api/adoptions/my [0m-[0m - ms - -[0m
[0mGET /api/auth/me [0m-[0m - ms - -[0m
[0mGET /api/pets/my [36m304[0m 13.848 ms - -[0m
[0mGET /uploads/1788950744310-779065555.png [36m304[0m 6.388 ms - -[0m
[0mGET /api/reminders [32m200[0m 23.749 ms - 491[0m
[0mGET /api/notifications [32m200[0m 17.540 ms - -[0m
[0mGET /api/appointments [36m304[0m 24.372 ms - -[0m
[0mGET /api/adoptions/my [32m200[0m 27.146 ms - -[0m
[0mGET /api/notifications [36m304[0m 11.110 ms - -[0m
[0mGET /api/auth/me [32m200[0m 23.451 ms - -[0m
[0mGET /api/reminders [36m304[0m 15.917 ms - -[0m
[0mGET /api/adoptions/my [36m304[0m 16.797 ms - -[0m
[0mGET /uploads/1788950744310-779065555.png [36m304[0m 12.968 ms - -[0m
[0mGET /api/notifications [36m304[0m 34.763 ms - -[0m
[0mGET /api/pets/my [36m304[0m 45.310 ms - -[0m
[0mGET /api/adoptions/my [36m304[0m 42.172 ms - -[0m
[0mGET /api/appointments [36m304[0m 38.993 ms - -[0m
[0mGET /api/reminders [36m304[0m 38.137 ms - -[0m
[0mGET /api/notifications [36m304[0m 17.425 ms - -[0m
[0mGET /api/auth/me [36m304[0m 19.493 ms - -[0m
[0mGET /api/adoptions/my [36m304[0m 17.782 ms - -[0m
[0mGET /api/reminders [36m304[0m 17.174 ms - -[0m
[0mGET /uploads/1788950744310-779065555.png [36m304[0m 11.010 ms - -[0m
[0mGET /api/notifications [36m304[0m 29.425 ms - -[0m
[0mGET /api/pets/my [36m304[0m 40.836 ms - -[0m
[0mGET /api/adoptions/my [36m304[0m 38.922 ms - -[0m
[0mGET /api/appointments [36m304[0m 39.194 ms - -[0m
[0mGET /api/reminders [36m304[0m 37.118 ms - -[0m
[0mGET /api/notifications [36m304[0m 11.579 ms - -[0m
[0mGET /api/auth/me [36m304[0m 17.364 ms - -[0m
[0mGET /api/reminders [36m304[0m 17.388 ms - -[0m
[0mGET /api/adoptions/my [36m304[0m 6.817 ms - -[0m
[0mGET /uploads/1788950744310-779065555.png [36m304[0m 10.101 ms - -[0m
[0mGET /api/pets/my [36m304[0m 31.086 ms - -[0m
[0mGET /api/notifications [36m304[0m 25.178 ms - -[0m
[0mGET /api/adoptions/my [36m304[0m 37.417 ms - -[0m
[0mGET /api/appointments [36m304[0m 35.563 ms - -[0m
[0mGET /api/reminders [36m304[0m 34.846 ms - -[0m
[0mGET /api/notifications [36m304[0m 12.452 ms - -[0m
[0mGET /api/auth/me [36m304[0m 19.990 ms - -[0m
[0mGET /api/reminders [36m304[0m 18.260 ms - -[0m
[0mGET /api/adoptions/my [36m304[0m 5.940 ms - -[0m
[0mGET /uploads/1788950744310-779065555.png [36m304[0m 0.863 ms - -[0m
[0mGET /api/auth/me [36m304[0m 12.980 ms - -[0m
[0mGET /uploads/1788950744310-779065555.png [36m304[0m 0.997 ms - -[0m
[0mGET /api/auth/me [36m304[0m 9.378 ms - -[0m
[0mGET /uploads/1788950744310-779065555.png [36m304[0m 0.525 ms - -[0m
[0mGET /api/auth/me [36m304[0m 7.704 ms - -[0m
[0mGET /uploads/1788950744310-779065555.png [36m304[0m 4.750 ms - -[0m
[0mGET /api/auth/me [36m304[0m 9.617 ms - -[0m
[0mGET /uploads/1788950744310-779065555.png [36m304[0m 0.590 ms - -[0m
[0mGET /api/auth/me [36m304[0m 7.948 ms - -[0m
[0mGET /uploads/1788950744310-779065555.png [36m304[0m 0.462 ms - -[0m
[0mGET /api/auth/me [36m304[0m 8.908 ms - -[0m
[0mGET /uploads/1788950744310-779065555.png [36m304[0m 0.538 ms - -[0m
[0mGET /api/auth/me [36m304[0m 7.065 ms - -[0m
[0mGET /uploads/1788950744310-779065555.png [36m304[0m 0.849 ms - -[0m
[0mGET /api/auth/me [36m304[0m 7.550 ms - -[0m
[0mGET /uploads/1788950744310-779065555.png [36m304[0m 0.576 ms - -[0m
[0mGET /api/auth/me [36m304[0m 7.329 ms - -[0m
