🚀 Server running on http://localhost:5000
✅ MongoDB Connected
[0mGET /api/status [32m200[0m 2.241 ms - 51[0m
[0mPOST /api/auth/login [32m200[0m 295.683 ms - 475[0m
[0mGET /api/pets/my [32m200[0m 20.515 ms - -[0m
[0mGET /api/reminders [32m200[0m 15.204 ms - 41[0m
[0mGET /api/appointments [32m200[0m 9.736 ms - 718[0m
[0mGET /api/notifications [32m200[0m 4.011 ms - 45[0m
[0mGET /api/adoptions/my [32m200[0m 3.723 ms - 41[0m
[0mGET /api/health [32m200[0m 4.907 ms - 39[0m
[0mGET /api/vaccinations [32m200[0m 4.104 ms - 44[0m
[0mGET /api/auth/me [32m200[0m 11.342 ms - -[0m
[0mGET /api/admin/dashboard [32m200[0m 9.396 ms - 131[0m
[0mGET /api/admin/pets [32m200[0m 12.763 ms - -[0m
[0mPOST /api/pets [32m201[0m 18.245 ms - 443[0m
[0mGET /api/auth/me [32m200[0m 7.615 ms - -[0m
[0mDELETE /api/pets/6a9fec16e0b4a0d160fdde0b [32m200[0m 10.360 ms - 54[0m
[0mGET /api/auth/me [32m200[0m 7.279 ms - -[0m
[0mGET /uploads/1788860986046-78050922.png [32m200[0m 6.817 ms - 99685[0m
[0mPOST /api/auth/login [32m200[0m 643.562 ms - 475[0m
[0mGET /api/auth/me [32m200[0m 8.445 ms - -[0m
[0mGET /uploads/1788860986046-78050922.png [32m200[0m 2.739 ms - 99685[0m
[0mGET /uploads/1788860986046-78050922.png [32m200[0m 1.226 ms - 99685[0m
[0mGET /uploads/1788860986046-78050922.png [32m200[0m 1.067 ms - 99685[0m
[0mGET /uploads/1788860986046-78050922.png [32m200[0m 0.743 ms - 99685[0m
[0mGET /uploads/1788860986046-78050922.png [32m200[0m 1.007 ms - 99685[0m
[0mGET /uploads/1788860986046-78050922.png [32m200[0m 1.152 ms - 99685[0m
[0mGET /api/appointments [36m304[0m 21.470 ms - -[0m
[0mGET /api/pets/my [32m200[0m 22.649 ms - -[0m
[0mGET /api/veterinarians [36m304[0m 11.521 ms - -[0m
[0mGET /uploads/1788860986046-78050922.png [32m200[0m 1.049 ms - 99685[0m
[0mGET /api/auth/me [32m200[0m 11.408 ms - -[0m
[0mGET /uploads/1788860986046-78050922.png [32m200[0m 6.182 ms - 99685[0m
[0mGET /uploads/1788860986046-78050922.png [32m200[0m 0.929 ms - 99685[0m
[0mGET /api/auth/me [36m304[0m 9.909 ms - -[0m
[0mGET /uploads/1788860986046-78050922.png [32m200[0m 1.162 ms - 99685[0m
[0mGET /uploads/1788860986046-78050922.png [32m200[0m 0.694 ms - 99685[0m
[0mGET /api/auth/me [36m304[0m 10.099 ms - -[0m
[0mGET /uploads/1788860986046-78050922.png [32m200[0m 0.882 ms - 99685[0m
[0mGET /uploads/1788860986046-78050922.png [32m200[0m 0.891 ms - 99685[0m
[0mGET /api/auth/me [36m304[0m 10.444 ms - -[0m
[0mGET /uploads/1788860986046-78050922.png [32m200[0m 0.642 ms - 99685[0m
[0mGET /uploads/1788860986046-78050922.png [32m200[0m 1.934 ms - 99685[0m
[0mGET /api/auth/me [36m304[0m 9.277 ms - -[0m
[0mGET /uploads/1788860986046-78050922.png [32m200[0m 0.750 ms - 99685[0m
[0mGET /uploads/1788860986046-78050922.png [32m200[0m 1.427 ms - 99685[0m
[0mGET /api/auth/me [36m304[0m 10.846 ms - -[0m
[0mGET /uploads/1788860986046-78050922.png [32m200[0m 0.734 ms - 99685[0m
[0mGET /uploads/1788860986046-78050922.png [32m200[0m 2.603 ms - 99685[0m
[0mGET /api/pets/my [36m304[0m 8.422 ms - -[0m
[0mGET /api/adoptions/my [36m304[0m 27.445 ms - -[0m
[0mGET /api/pets/my [36m304[0m 39.233 ms - -[0m
[0mGET /api/reminders [36m304[0m 24.025 ms - -[0m
[0mGET /api/notifications [32m200[0m 23.234 ms - 45[0m
[0mGET /api/appointments [36m304[0m 26.001 ms - -[0m
[0mGET /uploads/1788860986046-78050922.png [32m200[0m 21.130 ms - 99685[0m
[0mGET /api/reminders [36m304[0m 10.603 ms - -[0m
[0mGET /api/notifications [36m304[0m 9.702 ms - -[0m
[0mGET /api/adoptions/my [36m304[0m 6.152 ms - -[0m
[0mGET /api/pets/my [36m304[0m 12.899 ms - -[0m
[0mGET /uploads/1788860986046-78050922.png [32m200[0m 3.513 ms - 99685[0m
[0mGET /uploads/1788860986046-78050922.png [32m200[0m 0.943 ms - 99685[0m
[0mGET /uploads/1788860986046-78050922.png [32m200[0m 3.332 ms - 99685[0m
[0mGET /api/auth/me [36m304[0m 10.366 ms - -[0m
[0mGET /uploads/1788860986046-78050922.png [32m200[0m 1.012 ms - 99685[0m
[0mGET /uploads/1788860986046-78050922.png [32m200[0m 0.800 ms - 99685[0m
[0mGET /uploads/1788860986046-78050922.png [32m200[0m 0.827 ms - 99685[0m
[0mGET /uploads/1788860986046-78050922.png [32m200[0m 0.739 ms - 99685[0m
[0mGET /api/reminders [36m304[0m 4.992 ms - -[0m
[0mGET /api/adoptions/my [36m304[0m 5.795 ms - -[0m
[0mGET /uploads/1788860986046-78050922.png [32m200[0m 1.404 ms - 99685[0m
[0mGET /api/adoptions/my [36m304[0m 20.567 ms - -[0m
[0mGET /api/reminders [36m304[0m 19.293 ms - -[0m
[0mGET /api/notifications [36m304[0m 18.778 ms - -[0m
[0mGET /api/pets/my [36m304[0m 29.724 ms - -[0m
[0mGET /api/appointments [36m304[0m 28.042 ms - -[0m
[0mGET /uploads/1788860986046-78050922.png [32m200[0m 18.430 ms - 99685[0m
[0mGET /api/reminders [36m304[0m 10.361 ms - -[0m
[0mGET /api/notifications [36m304[0m 9.197 ms - -[0m
[0mGET /api/adoptions/my [36m304[0m 3.903 ms - -[0m
[0mGET /uploads/1788860986046-78050922.png [32m200[0m 0.698 ms - 99685[0m
[0mGET /uploads/1788860986046-78050922.png [32m200[0m 1.590 ms - 99685[0m
[0mGET /uploads/1788860986046-78050922.png [32m200[0m 0.695 ms - 99685[0m
[0mGET /api/veterinarians [36m304[0m 5.530 ms - -[0m
[0mGET /uploads/1788860986046-78050922.png [32m200[0m 0.879 ms - 99685[0m
[0mGET /uploads/1788860986046-78050922.png [32m200[0m 0.768 ms - 99685[0m
[0mGET /uploads/1788860986046-78050922.png [32m200[0m 0.767 ms - 99685[0m
[0mGET /api/reminders [36m304[0m 8.721 ms - -[0m
[0mGET /api/adoptions/my [36m304[0m 7.340 ms - -[0m
[0mGET /uploads/1788860986046-78050922.png [32m200[0m 1.281 ms - 99685[0m
[0mGET /uploads/1788860986046-78050922.png [32m200[0m 0.680 ms - 99685[0m
[0mGET /uploads/1788860986046-78050922.png [32m200[0m 0.692 ms - 99685[0m
[0mGET /api/health [36m304[0m 7.419 ms - -[0m
[0mGET /api/vaccinations [36m304[0m 6.335 ms - -[0m
[0mGET /uploads/1788860986046-78050922.png [32m200[0m 2.377 ms - 99685[0m
[0mGET /api/veterinarians [36m304[0m 4.118 ms - -[0m
[0mGET /uploads/1788860986046-78050922.png [32m200[0m 1.467 ms - 99685[0m
[0mGET /uploads/1788860986046-78050922.png [32m200[0m 0.704 ms - 99685[0m
[0mGET /uploads/1788712596893-971221219.png [32m200[0m 2.857 ms - 1341302[0m
[0mGET /uploads/1788860986046-78050922.png [32m200[0m 1.359 ms - 99685[0m
[0mGET /uploads/1788860986046-78050922.png [32m200[0m 1.478 ms - 99685[0m
[0mGET /api/adoptions/my [36m304[0m 19.706 ms - -[0m
[0mGET /api/reminders [36m304[0m 20.915 ms - -[0m
[0mGET /api/notifications [36m304[0m 19.896 ms - -[0m
[0mGET /api/pets/my [36m304[0m 32.100 ms - -[0m
[0mGET /api/appointments [36m304[0m 31.060 ms - -[0m
[0mGET /uploads/1788860986046-78050922.png [32m200[0m 22.292 ms - 99685[0m
[0mGET /api/reminders [36m304[0m 10.494 ms - -[0m
[0mGET /api/notifications [36m304[0m 9.970 ms - -[0m
[0mGET /api/adoptions/my [36m304[0m 3.829 ms - -[0m
[0mGET /api/adoptions/my [36m304[0m 20.251 ms - -[0m
[0mGET /api/reminders [36m304[0m 20.357 ms - -[0m
[0mGET /api/notifications [36m304[0m 23.625 ms - -[0m
[0mGET /api/pets/my [36m304[0m 33.121 ms - -[0m
[0mGET /api/appointments [36m304[0m 33.175 ms - -[0m
[0mGET /uploads/1788860986046-78050922.png [32m200[0m 23.772 ms - 99685[0m
[0mGET /api/reminders [36m304[0m 12.573 ms - -[0m
[0mGET /api/notifications [36m304[0m 6.657 ms - -[0m
[0mGET /api/adoptions/my [36m304[0m 7.871 ms - -[0m
[0mGET /api/pets/my [36m304[0m 11.447 ms - -[0m
[0mGET /uploads/1788860986046-78050922.png [32m200[0m 3.583 ms - 99685[0m
[0mGET /uploads/1788860986046-78050922.png [32m200[0m 0.982 ms - 99685[0m
[0mGET /api/veterinarians [36m304[0m 3.531 ms - -[0m
[0mGET /uploads/1788860986046-78050922.png [32m200[0m 1.794 ms - 99685[0m
[0mGET /api/health [36m304[0m 7.813 ms - -[0m
[0mGET /api/vaccinations [36m304[0m 7.466 ms - -[0m
[0mGET /uploads/1788860986046-78050922.png [32m200[0m 0.718 ms - 99685[0m
[0mGET /uploads/1788860986046-78050922.png [32m200[0m 0.631 ms - 99685[0m
[0mGET /uploads/1788860986046-78050922.png [32m200[0m 0.637 ms - 99685[0m
[0mGET /uploads/1788860986046-78050922.png [32m200[0m 0.683 ms - 99685[0m
[0mGET /api/reminders [36m304[0m 8.530 ms - -[0m
[0mGET /api/adoptions/my [36m304[0m 7.979 ms - -[0m
[0mGET /uploads/1788860986046-78050922.png [32m200[0m 1.270 ms - 99685[0m
[0mGET /api/status [32m200[0m 0.262 ms - 51[0m
=================================
✅ EMAIL VERIFIED
Email: verifytest1788866064864@gmail.com
=================================
[0mGET /api/auth/verify-email/testverificationtoken1234567890abcdef [32m200[0m 7.458 ms - 278[0m
=================================
📧 SENDING VERIFICATION EMAIL
Email: siddiquiummehabiba41+verifye2e@gmail.com
=================================
✅ Verification email sent to: siddiquiummehabiba41+verifye2e@gmail.com
[0mPOST /api/auth/register [32m201[0m 4883.145 ms - 319[0m
=================================
📧 SENDING VERIFICATION EMAIL
Email: siddiquiumemehabiba41+verifye2e@gmail.com
=================================
✅ Verification email sent to: siddiquiumemehabiba41+verifye2e@gmail.com
[0mPOST /api/auth/register [32m201[0m 3493.135 ms - 305[0m
[0mPOST /api/auth/register [33m400[0m 0.176 ms - 67[0m
[0mPOST /api/auth/login [33m403[0m 325.969 ms - 92[0m
[0mPOST /api/auth/login [33m401[0m 295.808 ms - 56[0m
[0mGET /api/auth/verify-email/nonexistenttoken [33m400[0m 2.395 ms - 67[0m
[0mPOST /api/auth/register [33m400[0m 2.293 ms - 66[0m
[0mPOST /api/auth/resend-verification [32m200[0m 2394.594 ms - 66[0m
[0mPOST /api/auth/login [32m200[0m 349.134 ms - 430[0m
[0mGET /api/auth/verify-email/expiredtoken1234567890abcdef [33m400[0m 2.113 ms - 67[0m
[0mPOST /api/auth/resend-verification [33m400[0m 1.478 ms - 56[0m
[0mPOST /api/auth/resend-verification [33m404[0m 1.623 ms - 45[0m
[0mPOST /api/auth/register [33m400[0m 0.222 ms - 68[0m
[0mGET /api/auth/me [32m200[0m 4.508 ms - 371[0m
[0mGET /api/auth/me [33m401[0m 0.127 ms - 63[0m
[0mPUT /api/auth/change-password [33m400[0m 307.181 ms - 60[0m
[0mPUT /api/auth/profile [32m200[0m 5.725 ms - 430[0m
[0mPUT /api/auth/change-password [32m200[0m 623.701 ms - 59[0m
[0mPOST /api/auth/login [32m200[0m 311.010 ms - 447[0m
=================================
🔐 PASSWORD RESET REQUEST
Email: nobody@nowhere.com
=================================
⚠️ No user found for: nobody@nowhere.com
[0mPOST /api/auth/forgot-password [32m200[0m 1.750 ms - 84[0m
[0mPOST /api/auth/reset-password/badtoken [33m400[0m 1.670 ms - 61[0m
=================================
✅ EMAIL VERIFIED
Email: siddiquiummehabiba41+verifye2e@gmail.com
=================================
[0mGET /api/auth/verify-email/1aad3f8ec0d6fcfc3bbff58c27a021fac911de0fbf99f26ebb181b6aebc8aa68 [32m200[0m 6.128 ms - 293[0m
[0mGET /api/auth/verify-email/fake [33m400[0m 1.710 ms - 67[0m
✅ Password reset successful for: resetflow1788866580204@gmail.com
[0mPOST /api/auth/reset-password/validresettoken1234567890abcdef [32m200[0m 295.048 ms - 237[0m
[0mPOST /api/auth/login [32m200[0m 299.033 ms - 433[0m
[0mPOST /api/auth/reset-password/validresettoken1234567890abcdef [33m400[0m 0.165 ms - 69[0m
[0mPOST /api/auth/login [32m200[0m 300.243 ms - 475[0m
[0mPOST /api/users/avatar [32m200[0m 19.057 ms - 565[0m
[0mPOST /api/auth/login [32m200[0m 322.367 ms - 476[0m
[0mPUT /api/auth/profile [32m200[0m 4.294 ms - 538[0m
[0mGET /api/auth/me [32m200[0m 13.424 ms - 10713[0m
[0mPOST /api/auth/login [32m200[0m 309.613 ms - 476[0m
[0mPOST /api/auth/login [32m200[0m 297.782 ms - 476[0m
[0mGET /api/status [32m200[0m 0.120 ms - 51[0m
[0mPOST /api/auth/login [32m200[0m 316.384 ms - 476[0m
[0mGET /uploads/1788866725261-655479236.png [32m200[0m 3.198 ms - 70[0m
[0mPOST /api/auth/login [32m200[0m 315.779 ms - 476[0m
[0mPOST /api/users/avatar [32m200[0m 9.424 ms - 565[0m
=================================
📧 SENDING VERIFICATION EMAIL
Email: browsertester_fp@test.com
=================================
✅ Verification email sent to: browsertester_fp@test.com
[0mPOST /api/auth/register [32m201[0m 4304.770 ms - 299[0m
[0mPOST /api/auth/login [32m200[0m 323.239 ms - 425[0m
[0mGET /api/auth/me [32m200[0m 9.888 ms - 534[0m
[0mPOST /api/auth/login [32m200[0m 393.516 ms - 425[0m
[0mGET /api/auth/me [32m200[0m 6.220 ms - 534[0m
[0mPOST /api/users/avatar [32m200[0m 7.471 ms - 660[0m
[0mPUT /api/auth/profile [32m200[0m 4.994 ms - 633[0m
[0mGET /api/auth/me [32m200[0m 3.377 ms - 591[0m
[0mGET /uploads/1788867719251-948200459.png [32m200[0m 2.814 ms - 70[0m
[0mGET /api/auth/me [36m304[0m 5.313 ms - -[0m
[0mGET /uploads/1788867719251-948200459.png [32m200[0m 1.411 ms - 70[0m
[0mHEAD /uploads/1788867719251-948200459.png [32m200[0m 0.727 ms - 70[0m
