🚀 Server running on http://localhost:5000
✅ MongoDB Connected
[0mGET /api/status [32m200[0m 2.058 ms - 51[0m
[0mGET /api/admin/users [36m304[0m 96.419 ms - -[0m
[0mGET /api/admin/users [36m304[0m 10.710 ms - -[0m
[0mGET /api/admin/users [36m304[0m 8.267 ms - -[0m
[0mGET /api/admin/users [36m304[0m 6.807 ms - -[0m
[0mGET /api/admin/users [36m304[0m 9.024 ms - -[0m
[0mGET /api/admin/users [36m304[0m 12.101 ms - -[0m
[0mGET /api/admin/users [36m304[0m 7.605 ms - -[0m
[0mGET /api/admin/users [36m304[0m 8.427 ms - -[0m
[0mPOST /api/auth/login [32m200[0m 593.617 ms - 511[0m
[0mGET /uploads/1788889322512-301468738.png [36m304[0m 21.471 ms - -[0m
[0mGET /api/notifications [36m304[0m 57.379 ms - -[0m
[0mGET /api/reminders [36m304[0m 66.978 ms - -[0m
[0mGET /api/pets/my [36m304[0m 93.108 ms - -[0m
[0mGET /api/adoptions/my [36m304[0m 92.021 ms - -[0m
[0mGET /api/appointments [36m304[0m 84.467 ms - -[0m
[0mGET /api/notifications [36m304[0m 17.954 ms - -[0m
[0mGET /api/reminders [36m304[0m 11.506 ms - -[0m
[0mGET /api/adoptions/my [36m304[0m 13.206 ms - -[0m
[0mGET /uploads/1788889322512-301468738.png [36m304[0m 2.817 ms - -[0m
[0mGET /api/pets/my [36m304[0m 10.261 ms - -[0m
[0mGET /api/pets?status=available [32m200[0m 13.635 ms - -[0m
[0mGET /uploads/1788889322512-301468738.png [36m304[0m 0.945 ms - -[0m
[0mGET /api/auth/me [36m304[0m 14.112 ms - -[0m
[0mGET /uploads/1788889322512-301468738.png [36m304[0m 1.903 ms - -[0m
[0mGET /api/pets/my [36m304[0m 16.652 ms - -[0m
[0mGET /api/appointments [36m304[0m 16.928 ms - -[0m
[0mGET /api/veterinarians [36m304[0m 10.110 ms - -[0m
[0mGET /uploads/1788889322512-301468738.png [36m304[0m 1.308 ms - -[0m
[0mGET /api/reminders [36m304[0m 9.571 ms - -[0m
[0mGET /api/pets/my [36m304[0m 13.724 ms - -[0m
[0mGET /uploads/1788889322512-301468738.png [36m304[0m 1.586 ms - -[0m
[0mGET /api/pets/my [36m304[0m 24.749 ms - -[0m
[0mGET /api/appointments [36m304[0m 24.644 ms - -[0m
[0mGET /api/veterinarians [36m304[0m 6.168 ms - -[0m
[0mGET /uploads/1788889322512-301468738.png [36m304[0m 4.908 ms - -[0m
[0mGET /api/reminders [36m304[0m 19.381 ms - -[0m
[0mGET /api/pets/my [36m304[0m 26.368 ms - -[0m
[0mGET /uploads/1788889322512-301468738.png [36m304[0m 1.417 ms - -[0m
[0mGET /api/community [32m200[0m 86.972 ms - -[0m
[0mPOST /api/community [32m201[0m 47.374 ms - -[0m
[0mGET /api/community [32m200[0m 86.519 ms - -[0m
